// Jest Snapshot v1, https://goo.gl/fbAQLP

exports[`FormAdd component should render correctly 1`] = `
<FormAdd
  addTask={[MockFunction]}
>
  <form
    onSubmit={[Function]}
    role="form-add"
  >
    <input
      onChange={[Function]}
      placeholder="What needs to be done?"
      type="text"
      value="Buy a cake"
    />
  </form>
</FormAdd>
`;
